// Jest Snapshot v1, https://goo.gl/fbAQLP

exports[`<Modal /> renders a modal with the specified content 1`] = `
<div
  className="css-1xi4blx"
>
  <div
    style={
      Object {
        "opacity": 0,
      }
    }
  >
    <aside
      aria-modal={true}
      className="css-11ikt3e"
      display="flex"
      height="100vh"
      onClick={[Function]}
      width="100vw"
    >
      <div
        style={
          Object {
            "alignItems": "center",
            "display": "flex",
            "flexDirection": "column",
            "justifyContent": "center",
            "transform": "scale(0)",
          }
        }
      >
        <div
          className="css-j5lki3"
          display="flex"
          height="unset"
          width={
            Object {
              "_": "95%",
              "md": "80%",
            }
          }
        >
          <div
            className="css-1corken"
          >
            <h2
              className="css-aaj9al-Text e1pb1ozb0"
            >
              Test Modal
            </h2>
            <p
              className="css-182fmg5-Text e1pb1ozb0"
            >
              Some content
            </p>
            <div
              aria-label="Close Modal"
              className="css-uruiul-Modal"
              onClick={[Function]}
              role="button"
            >
              <p
                className="css-1wk8sqf-Text e1pb1ozb0"
                fontSize={24}
              >
                X
              </p>
            </div>
          </div>
        </div>
      </div>
    </aside>
  </div>
</div>
`;
